EN flip1 NULL C:/Users/Martinez/Desktop/procesador2/flip1.vhd sub00/vhpl00 1493074014
EN flip2 NULL C:/Users/Martinez/Desktop/procesador2/flip2.vhd sub00/vhpl06 1493074016
AR mux behavioral C:/Users/Martinez/Desktop/procesador2/mux.vhd sub00/vhpl11 1493074025
EN psr NULL C:/Users/Martinez/Desktop/procesador2/psr.vhd sub00/vhpl22 1493074032
EN seu NULL C:/Users/Martinez/Desktop/procesador2/seu.vhd sub00/vhpl12 1493074026
EN modpsr NULL C:/Users/Martinez/Desktop/procesador2/modPsr.vhd sub00/vhpl20 1493074030
AR instructionmemory behavioral C:/Users/Martinez/Desktop/procesador2/instructionMemory.vhd sub00/vhpl05 1493074019
AR modpsr behavioral C:/Users/Martinez/Desktop/procesador2/modPsr.vhd sub00/vhpl21 1493074031
AR seu behavioral C:/Users/Martinez/Desktop/procesador2/seu.vhd sub00/vhpl13 1493074027
AR sumador behavioral C:/Users/Martinez/Desktop/procesador2/sumador.vhd sub00/vhpl03 1493074013
AR miprocesador2 arquitectura_miprocesador2 C:/Users/Martinez/Desktop/procesador2/Miprocesador2.vhd sub00/vhpl19 1493074035
AR flip2 behavioral C:/Users/Martinez/Desktop/procesador2/flip2.vhd sub00/vhpl07 1493074017
AR uc behavioral C:/Users/Martinez/Desktop/procesador2/uc.vhd sub00/vhpl15 1493074021
EN uc NULL C:/Users/Martinez/Desktop/procesador2/uc.vhd sub00/vhpl14 1493074020
AR psr behavioral C:/Users/Martinez/Desktop/procesador2/psr.vhd sub00/vhpl23 1493074033
EN instructionmemory NULL C:/Users/Martinez/Desktop/procesador2/instructionMemory.vhd sub00/vhpl04 1493074018
EN miprocesador2 NULL C:/Users/Martinez/Desktop/procesador2/Miprocesador2.vhd sub00/vhpl18 1493074034
EN mux NULL C:/Users/Martinez/Desktop/procesador2/mux.vhd sub00/vhpl10 1493074024
AR alu behavioral C:/Users/Martinez/Desktop/procesador2/alu.vhd sub00/vhpl09 1493074029
AR registerfile behavioral C:/Users/Martinez/Desktop/procesador2/registerFile.vhd sub00/vhpl17 1493074023
EN sumador NULL C:/Users/Martinez/Desktop/procesador2/sumador.vhd sub00/vhpl02 1493074012
EN registerfile NULL C:/Users/Martinez/Desktop/procesador2/registerFile.vhd sub00/vhpl16 1493074022
EN alu NULL C:/Users/Martinez/Desktop/procesador2/alu.vhd sub00/vhpl08 1493074028
AR flip1 behavioral C:/Users/Martinez/Desktop/procesador2/flip1.vhd sub00/vhpl01 1493074015
