EN flip1 NULL C:/Users/Martinez/Downloads/procesador4/flip1.vhd sub00/vhpl00 1494189383
EN flip2 NULL C:/Users/Martinez/Downloads/procesador4/flip2.vhd sub00/vhpl06 1494189385
AR mux behavioral C:/Users/Martinez/Downloads/procesador4/mux.vhd sub00/vhpl11 1494189394
EN psr NULL C:/Users/Martinez/Downloads/procesador4/psr.vhd sub00/vhpl22 1494189401
EN seu NULL C:/Users/Martinez/Downloads/procesador4/seu.vhd sub00/vhpl12 1494189395
EN modpsr NULL C:/Users/Martinez/Downloads/procesador4/modPsr.vhd sub00/vhpl20 1494189399
AR winman behavioral C:/Users/Martinez/Downloads/procesador4/winMan.vhd sub00/vhpl25 1494189404
AR instructionmemory behavioral C:/Users/Martinez/Downloads/procesador4/instructionMemory.vhd sub00/vhpl05 1494189388
EN winman NULL C:/Users/Martinez/Downloads/procesador4/winMan.vhd sub00/vhpl24 1494189403
AR modpsr behavioral C:/Users/Martinez/Downloads/procesador4/modPsr.vhd sub00/vhpl21 1494189400
AR seu behavioral C:/Users/Martinez/Downloads/procesador4/seu.vhd sub00/vhpl13 1494189396
AR sumador behavioral C:/Users/Martinez/Downloads/procesador4/sumador.vhd sub00/vhpl03 1494189382
AR miprocesador2 arquitectura_miprocesador2 C:/Users/Martinez/Downloads/procesador4/Miprocesador2.vhd sub00/vhpl19 1494189406
AR flip2 behavioral C:/Users/Martinez/Downloads/procesador4/flip2.vhd sub00/vhpl07 1494189386
AR uc behavioral C:/Users/Martinez/Downloads/procesador4/uc.vhd sub00/vhpl15 1494190854
EN uc NULL C:/Users/Martinez/Downloads/procesador4/uc.vhd sub00/vhpl14 1494190853
AR psr behavioral C:/Users/Martinez/Downloads/procesador4/psr.vhd sub00/vhpl23 1494189402
EN instructionmemory NULL C:/Users/Martinez/Downloads/procesador4/instructionMemory.vhd sub00/vhpl04 1494189387
EN miprocesador2 NULL C:/Users/Martinez/Downloads/procesador4/Miprocesador2.vhd sub00/vhpl18 1494189405
EN mux NULL C:/Users/Martinez/Downloads/procesador4/mux.vhd sub00/vhpl10 1494189393
AR alu behavioral C:/Users/Martinez/Downloads/procesador4/alu.vhd sub00/vhpl09 1494190831
AR registerfile behavioral C:/Users/Martinez/Downloads/procesador4/registerFile.vhd sub00/vhpl17 1494190841
EN sumador NULL C:/Users/Martinez/Downloads/procesador4/sumador.vhd sub00/vhpl02 1494189381
EN registerfile NULL C:/Users/Martinez/Downloads/procesador4/registerFile.vhd sub00/vhpl16 1494190840
EN alu NULL C:/Users/Martinez/Downloads/procesador4/alu.vhd sub00/vhpl08 1494190830
AR flip1 behavioral C:/Users/Martinez/Downloads/procesador4/flip1.vhd sub00/vhpl01 1494189384
