V3 111
FL C:/Users/Martinez/Desktop/procesador2/alu.vhd 2017/04/24.17:36:14 P.20131013
FL C:/Users/Martinez/Desktop/procesador2/flip1.vhd 2017/04/10.17:58:28 P.20131013
FL C:/Users/Martinez/Desktop/procesador2/flip2.vhd 2017/04/15.16:32:58 P.20131013
FL C:/Users/Martinez/Desktop/procesador2/instructionMemory.vhd 2017/04/15.17:27:23 P.20131013
FL C:/Users/Martinez/Desktop/procesador2/Miprocesador2.vhd 2017/04/24.17:08:08 P.20131013
FL C:/Users/Martinez/Desktop/procesador2/modPsr.vhd 2017/04/24.17:17:45 P.20131013
FL C:/Users/Martinez/Desktop/procesador2/mux.vhd 2017/04/15.17:09:36 P.20131013
FL C:/Users/Martinez/Desktop/procesador2/psr.vhd 2017/04/24.16:58:59 P.20131013
FL C:/Users/Martinez/Desktop/procesador2/registerFile.vhd 2017/04/18.18:41:02 P.20131013
FL C:/Users/Martinez/Desktop/procesador2/seu.vhd 2017/04/15.17:15:09 P.20131013
FL C:/Users/Martinez/Desktop/procesador2/sumador.vhd 2017/04/10.18:41:02 P.20131013
FL C:/Users/Martinez/Desktop/procesador2/uc.vhd 2017/04/24.17:31:21 P.20131013
FL C:/Users/Martinez/Desktop/procesador3/psr.vhd 2017/04/24.19:15:58 P.20131013
FL C:/Users/Martinez/Documents/procesador2/alu.vhd 2017/04/15.20:39:18 P.20131013
FL C:/Users/Martinez/Documents/procesador2/flip1.vhd 2017/04/10.17:58:28 P.20131013
FL C:/Users/Martinez/Documents/procesador2/flip2.vhd 2017/04/15.16:32:58 P.20131013
FL C:/Users/Martinez/Documents/procesador2/instructionMemory.vhd 2017/04/15.17:27:23 P.20131013
FL C:/Users/Martinez/Documents/procesador2/Miprocesador2.vhd 2017/04/18.17:58:09 P.20131013
FL C:/Users/Martinez/Documents/procesador2/mux.vhd 2017/04/15.17:09:36 P.20131013
FL C:/Users/Martinez/Documents/procesador2/registerFile.vhd 2017/04/15.20:12:21 P.20131013
FL C:/Users/Martinez/Documents/procesador2/seu.vhd 2017/04/15.17:15:09 P.20131013
FL C:/Users/Martinez/Documents/procesador2/sumador.vhd 2017/04/10.18:41:02 P.20131013
FL C:/Users/Martinez/Documents/procesador2/uc.vhd 2017/04/15.20:27:48 P.20131013
FL C:/Users/Martinez/Downloads/procesador/alu.vhd 2017/04/15.20:39:18 P.20131013
FL C:/Users/Martinez/Downloads/procesador/flip2.vhd 2017/04/15.16:32:58 P.20131013
FL C:/Users/Martinez/Downloads/procesador/instructionMemory.vhd 2017/04/15.17:27:23 P.20131013
FL C:/Users/Martinez/Downloads/procesador/mux.vhd 2017/04/15.17:09:36 P.20131013
FL C:/Users/Martinez/Downloads/procesador/registerFile.vhd 2017/04/15.20:12:21 P.20131013
FL C:/Users/Martinez/Downloads/procesador/seu.vhd 2017/04/15.17:15:09 P.20131013
FL C:/Users/Martinez/Downloads/procesador/uc.vhd 2017/04/15.20:27:48 P.20131013
FL C:/Users/Martinez/Downloads/procesador2/Miprocesador2.vhd 2017/04/18.00:08:43 P.20131013
FL C:/Users/Martinez/Downloads/procesador3/winMan.vhd 2017/05/07.14:31:34 P.20131013
FL C:/Users/Martinez/Downloads/procesador4/alu.vhd 2017/05/07.16:00:18 P.20131013
EN work/alu 1494190830 FL C:/Users/Martinez/Downloads/procesador4/alu.vhd \
      PB ieee/std_logic_1164 1381692176 PB ieee/STD_LOGIC_UNSIGNED 1381692179
AR work/alu/Behavioral 1494190831 \
      FL C:/Users/Martinez/Downloads/procesador4/alu.vhd EN work/alu 1494190830
FL C:/Users/Martinez/Downloads/procesador4/flip1.vhd 2017/04/10.17:58:28 P.20131013
EN work/flip1 1494189383 FL C:/Users/Martinez/Downloads/procesador4/flip1.vhd \
      PB ieee/std_logic_1164 1381692176
AR work/flip1/Behavioral 1494189384 \
      FL C:/Users/Martinez/Downloads/procesador4/flip1.vhd EN work/flip1 1494189383
FL C:/Users/Martinez/Downloads/procesador4/flip2.vhd 2017/04/15.16:32:58 P.20131013
EN work/flip2 1494189385 FL C:/Users/Martinez/Downloads/procesador4/flip2.vhd \
      PB ieee/std_logic_1164 1381692176
AR work/flip2/Behavioral 1494189386 \
      FL C:/Users/Martinez/Downloads/procesador4/flip2.vhd EN work/flip2 1494189385
FL C:/Users/Martinez/Downloads/procesador4/instructionMemory.vhd 2017/04/25.17:24:54 P.20131013
EN work/instructionMemory 1494189387 \
      FL C:/Users/Martinez/Downloads/procesador4/instructionMemory.vhd \
      PB ieee/std_logic_1164 1381692176 PB ieee/STD_LOGIC_UNSIGNED 1381692179 \
      PB std/TEXTIO 1381692176
AR work/instructionMemory/Behavioral 1494189388 \
      FL C:/Users/Martinez/Downloads/procesador4/instructionMemory.vhd \
      EN work/instructionMemory 1494189387
FL C:/Users/Martinez/Downloads/procesador4/Miprocesador2.vhd 2017/05/07.15:36:17 P.20131013
EN work/Miprocesador2 1494189405 \
      FL C:/Users/Martinez/Downloads/procesador4/Miprocesador2.vhd \
      PB ieee/std_logic_1164 1381692176
AR work/Miprocesador2/arquitectura_Miprocesador2 1494189406 \
      FL C:/Users/Martinez/Downloads/procesador4/Miprocesador2.vhd \
      EN work/Miprocesador2 1494189405 CP sumador CP flip1 CP flip2 \
      CP instructionMemory CP uc CP registerFile CP mux CP seu CP alu CP modPsr CP psr \
      CP winMan
FL C:/Users/Martinez/Downloads/procesador4/modPsr.vhd 2017/04/25.17:33:31 P.20131013
EN work/modPsr 1494189399 FL C:/Users/Martinez/Downloads/procesador4/modPsr.vhd \
      PB ieee/std_logic_1164 1381692176
AR work/modPsr/Behavioral 1494189400 \
      FL C:/Users/Martinez/Downloads/procesador4/modPsr.vhd EN work/modPsr 1494189399
FL C:/Users/Martinez/Downloads/procesador4/mux.vhd 2017/04/15.17:09:36 P.20131013
EN work/mux 1494189393 FL C:/Users/Martinez/Downloads/procesador4/mux.vhd \
      PB ieee/std_logic_1164 1381692176
AR work/mux/Behavioral 1494189394 \
      FL C:/Users/Martinez/Downloads/procesador4/mux.vhd EN work/mux 1494189393
FL C:/Users/Martinez/Downloads/procesador4/psr.vhd 2017/05/04.19:01:55 P.20131013
EN work/psr 1494189401 FL C:/Users/Martinez/Downloads/procesador4/psr.vhd \
      PB ieee/std_logic_1164 1381692176
AR work/psr/Behavioral 1494189402 \
      FL C:/Users/Martinez/Downloads/procesador4/psr.vhd EN work/psr 1494189401
FL C:/Users/Martinez/Downloads/procesador4/registerFile.vhd 2017/05/07.15:33:27 P.20131013
EN work/registerFile 1494190840 \
      FL C:/Users/Martinez/Downloads/procesador4/registerFile.vhd \
      PB ieee/std_logic_1164 1381692176 PB ieee/STD_LOGIC_UNSIGNED 1381692179
AR work/registerFile/Behavioral 1494190841 \
      FL C:/Users/Martinez/Downloads/procesador4/registerFile.vhd \
      EN work/registerFile 1494190840
FL C:/Users/Martinez/Downloads/procesador4/seu.vhd 2017/04/15.17:15:09 P.20131013
EN work/seu 1494189395 FL C:/Users/Martinez/Downloads/procesador4/seu.vhd \
      PB ieee/std_logic_1164 1381692176
AR work/seu/Behavioral 1494189396 \
      FL C:/Users/Martinez/Downloads/procesador4/seu.vhd EN work/seu 1494189395
FL C:/Users/Martinez/Downloads/procesador4/sumador.vhd 2017/04/10.18:41:02 P.20131013
EN work/sumador 1494189381 FL C:/Users/Martinez/Downloads/procesador4/sumador.vhd \
      PB ieee/std_logic_1164 1381692176 PB ieee/STD_LOGIC_UNSIGNED 1381692179
AR work/sumador/Behavioral 1494189382 \
      FL C:/Users/Martinez/Downloads/procesador4/sumador.vhd EN work/sumador 1494189381
FL C:/Users/Martinez/Downloads/procesador4/uc.vhd 2017/05/07.16:00:18 P.20131013
EN work/uc 1494190853 FL C:/Users/Martinez/Downloads/procesador4/uc.vhd \
      PB ieee/std_logic_1164 1381692176
AR work/uc/Behavioral 1494190854 \
      FL C:/Users/Martinez/Downloads/procesador4/uc.vhd EN work/uc 1494190853
FL C:/Users/Martinez/Downloads/procesador4/winMan.vhd 2017/05/07.14:31:34 P.20131013
EN work/winMan 1494189403 FL C:/Users/Martinez/Downloads/procesador4/winMan.vhd \
      PB ieee/std_logic_1164 1381692176 PB ieee/std_logic_arith 1381692177 \
      PB ieee/STD_LOGIC_UNSIGNED 1381692179
AR work/winMan/Behavioral 1494189404 \
      FL C:/Users/Martinez/Downloads/procesador4/winMan.vhd EN work/winMan 1494189403
FL "C:/Users/utp/Desktop/procesador con conexion/procesador2/alu.vhd" 2017/04/15.20:39:18 P.20131013
FL "C:/Users/utp/Desktop/procesador con conexion/procesador2/flip1.vhd" 2017/04/10.17:58:28 P.20131013
FL "C:/Users/utp/Desktop/procesador con conexion/procesador2/flip2.vhd" 2017/04/15.16:32:58 P.20131013
FL "C:/Users/utp/Desktop/procesador con conexion/procesador2/instructionMemory.vhd" 2017/04/15.17:27:23 P.20131013
FL "C:/Users/utp/Desktop/procesador con conexion/procesador2/Miprocesador2.vhd" 2017/04/18.18:46:31 P.20131013
FL "C:/Users/utp/Desktop/procesador con conexion/procesador2/mux.vhd" 2017/04/15.17:09:36 P.20131013
FL "C:/Users/utp/Desktop/procesador con conexion/procesador2/registerFile.vhd" 2017/04/18.18:41:02 P.20131013
FL "C:/Users/utp/Desktop/procesador con conexion/procesador2/seu.vhd" 2017/04/15.17:15:09 P.20131013
FL "C:/Users/utp/Desktop/procesador con conexion/procesador2/sumador.vhd" 2017/04/10.18:41:02 P.20131013
FL "C:/Users/utp/Desktop/procesador con conexion/procesador2/uc.vhd" 2017/04/15.20:27:48 P.20131013
FL C:/Users/utp/Desktop/procesador3/alu.vhd 2017/04/24.18:44:31 P.20131013
FL C:/Users/utp/Desktop/procesador3/flip1.vhd 2017/04/10.17:58:28 P.20131013
FL C:/Users/utp/Desktop/procesador3/flip2.vhd 2017/04/15.16:32:58 P.20131013
FL C:/Users/utp/Desktop/procesador3/instructionMemory.vhd 2017/04/15.17:27:23 P.20131013
FL C:/Users/utp/Desktop/procesador3/Miprocesador2.vhd 2017/04/24.17:08:08 P.20131013
FL C:/Users/utp/Desktop/procesador3/modPsr.vhd 2017/04/24.18:53:50 P.20131013
FL C:/Users/utp/Desktop/procesador3/mux.vhd 2017/04/15.17:09:36 P.20131013
FL C:/Users/utp/Desktop/procesador3/psr.vhd 2017/04/24.19:15:58 P.20131013
FL C:/Users/utp/Desktop/procesador3/registerFile.vhd 2017/04/18.18:41:02 P.20131013
FL C:/Users/utp/Desktop/procesador3/seu.vhd 2017/04/15.17:15:09 P.20131013
FL C:/Users/utp/Desktop/procesador3/sumador.vhd 2017/04/10.18:41:02 P.20131013
FL C:/Users/utp/Desktop/procesador3/uc.vhd 2017/04/24.17:31:21 P.20131013
FL C:/Users/utp/Documents/simon/procesador/flip1.vhd 2017/04/10.17:58:28 P.20131013
FL C:/Users/utp/Documents/simon/procesador/instructionMemory.vhd 2017/04/10.19:17:14 P.20131013
FL C:/Users/utp/Documents/simon/procesador/sumador.vhd 2017/04/10.18:41:02 P.20131013
FL C:/Users/utp/Downloads/procesador3/psr.vhd 2017/05/04.18:54:17 P.20131013
FL C:/Users/utp/Downloads/procesador3/registerFile.vhd 2017/04/18.18:41:02 P.20131013
FL C:/Users/utp/Downloads/procesador3/winMan.vhd 2017/05/04.18:55:44 P.20131013
