EN flip1 NULL C:/Users/utp/Documents/simon/procesador/flip1.vhd sub00/vhpl00 1491865115
EN flip2 NULL C:/Users/Martinez/Downloads/procesador/flip2.vhd sub00/vhpl06 1492292012
AR mux behavioral C:/Users/Martinez/Downloads/procesador/mux.vhd sub00/vhpl11 1492294185
EN seu NULL C:/Users/Martinez/Downloads/procesador/seu.vhd sub00/vhpl12 1492294524
AR instructionmemory behavioral C:/Users/Martinez/Downloads/procesador/instructionMemory.vhd sub00/vhpl05 1492295301
AR seu behavioral C:/Users/Martinez/Downloads/procesador/seu.vhd sub00/vhpl13 1492294525
AR sumador behavioral C:/Users/utp/Documents/simon/procesador/sumador.vhd sub00/vhpl03 1491867669
AR flip2 behavioral C:/Users/Martinez/Downloads/procesador/flip2.vhd sub00/vhpl07 1492292013
AR uc behavioral C:/Users/Martinez/Downloads/procesador/uc.vhd sub00/vhpl15 1492306076
EN uc NULL C:/Users/Martinez/Downloads/procesador/uc.vhd sub00/vhpl14 1492306075
EN instructionmemory NULL C:/Users/Martinez/Downloads/procesador/instructionMemory.vhd sub00/vhpl04 1492295300
EN mux NULL C:/Users/Martinez/Downloads/procesador/mux.vhd sub00/vhpl10 1492294184
AR alu behavioral C:/Users/Martinez/Downloads/procesador/alu.vhd sub00/vhpl09 1492306764
AR registerfile behavioral C:/Users/Martinez/Downloads/procesador/registerFile.vhd sub00/vhpl17 1492305203
EN sumador NULL C:/Users/utp/Documents/simon/procesador/sumador.vhd sub00/vhpl02 1491867668
EN alu NULL C:/Users/Martinez/Downloads/procesador/alu.vhd sub00/vhpl08 1492306763
EN registerfile NULL C:/Users/Martinez/Downloads/procesador/registerFile.vhd sub00/vhpl16 1492305202
AR flip1 behavioral C:/Users/utp/Documents/simon/procesador/flip1.vhd sub00/vhpl01 1491865116
