V3 28
FL C:/Users/Martinez/Downloads/procesador/alu.vhd 2017/04/15.20:39:18 P.20131013
EN work/alu 1492306763 FL C:/Users/Martinez/Downloads/procesador/alu.vhd \
      PB ieee/std_logic_1164 1381692176 PB ieee/STD_LOGIC_UNSIGNED 1381692179
AR work/alu/Behavioral 1492306764 \
      FL C:/Users/Martinez/Downloads/procesador/alu.vhd EN work/alu 1492306763
FL C:/Users/Martinez/Downloads/procesador/flip2.vhd 2017/04/15.16:32:58 P.20131013
EN work/flip2 1492292012 FL C:/Users/Martinez/Downloads/procesador/flip2.vhd \
      PB ieee/std_logic_1164 1381692176
AR work/flip2/Behavioral 1492292013 \
      FL C:/Users/Martinez/Downloads/procesador/flip2.vhd EN work/flip2 1492292012
FL C:/Users/Martinez/Downloads/procesador/instructionMemory.vhd 2017/04/15.17:27:23 P.20131013
EN work/instructionMemory 1492295300 \
      FL C:/Users/Martinez/Downloads/procesador/instructionMemory.vhd \
      PB ieee/std_logic_1164 1381692176 PB ieee/STD_LOGIC_UNSIGNED 1381692179 \
      PB std/TEXTIO 1381692176
AR work/instructionMemory/Behavioral 1492295301 \
      FL C:/Users/Martinez/Downloads/procesador/instructionMemory.vhd \
      EN work/instructionMemory 1492295300
FL C:/Users/Martinez/Downloads/procesador/mux.vhd 2017/04/15.17:09:36 P.20131013
EN work/mux 1492294184 FL C:/Users/Martinez/Downloads/procesador/mux.vhd \
      PB ieee/std_logic_1164 1381692176
AR work/mux/Behavioral 1492294185 \
      FL C:/Users/Martinez/Downloads/procesador/mux.vhd EN work/mux 1492294184
FL C:/Users/Martinez/Downloads/procesador/registerFile.vhd 2017/04/15.20:12:21 P.20131013
EN work/registerFile 1492305202 \
      FL C:/Users/Martinez/Downloads/procesador/registerFile.vhd \
      PB ieee/std_logic_1164 1381692176 PB ieee/STD_LOGIC_UNSIGNED 1381692179
AR work/registerFile/Behavioral 1492305203 \
      FL C:/Users/Martinez/Downloads/procesador/registerFile.vhd \
      EN work/registerFile 1492305202
FL C:/Users/Martinez/Downloads/procesador/seu.vhd 2017/04/15.17:15:09 P.20131013
EN work/seu 1492294524 FL C:/Users/Martinez/Downloads/procesador/seu.vhd \
      PB ieee/std_logic_1164 1381692176
AR work/seu/Behavioral 1492294525 \
      FL C:/Users/Martinez/Downloads/procesador/seu.vhd EN work/seu 1492294524
FL C:/Users/Martinez/Downloads/procesador/uc.vhd 2017/04/15.20:27:48 P.20131013
EN work/uc 1492306075 FL C:/Users/Martinez/Downloads/procesador/uc.vhd \
      PB ieee/std_logic_1164 1381692176
AR work/uc/Behavioral 1492306076 \
      FL C:/Users/Martinez/Downloads/procesador/uc.vhd EN work/uc 1492306075
FL C:/Users/utp/Documents/simon/procesador/flip1.vhd 2017/04/10.17:58:28 P.20131013
EN work/flip1 1491865115 FL C:/Users/utp/Documents/simon/procesador/flip1.vhd \
      PB ieee/std_logic_1164 1381692176
AR work/flip1/Behavioral 1491865116 \
      FL C:/Users/utp/Documents/simon/procesador/flip1.vhd EN work/flip1 1491865115
FL C:/Users/utp/Documents/simon/procesador/instructionMemory.vhd 2017/04/10.19:17:14 P.20131013
FL C:/Users/utp/Documents/simon/procesador/sumador.vhd 2017/04/10.18:41:02 P.20131013
EN work/sumador 1491867668 FL C:/Users/utp/Documents/simon/procesador/sumador.vhd \
      PB ieee/std_logic_1164 1381692176 PB ieee/STD_LOGIC_UNSIGNED 1381692179
AR work/sumador/Behavioral 1491867669 \
      FL C:/Users/utp/Documents/simon/procesador/sumador.vhd EN work/sumador 1491867668
